\BOOKMARK [1][-]{section.1}{\376\377\123\344\121\170\122\233\133\146\060\156\127\372\171\016}{}% 1
\BOOKMARK [2][-]{subsection.1.1}{\376\377\127\372\156\226\174\373\000\050\133\232\177\251\000\051}{section.1}% 2
\BOOKMARK [2][-]{subsection.1.2}{\376\377\123\344\121\170\166\204\146\102\172\172\000\050\116\356\133\232\000\051}{section.1}% 3
\BOOKMARK [2][-]{subsection.1.3}{\376\377\220\113\122\325\060\156\154\172\133\232\140\047\000\050\175\114\232\023\122\107\000\051}{section.1}% 4
\BOOKMARK [1][-]{section.2}{\376\377\120\134\165\131\117\134\165\050\060\156\123\237\164\006}{}% 5
\BOOKMARK [2][-]{subsection.2.1}{\376\377\000L\000a\000g\000r\000a\000n\000g\000i\000a\000n\060\150\117\134\165\050}{section.2}% 6
\BOOKMARK [2][-]{subsection.2.2}{\376\377\000E\000u\000l\000e\000r\000-\000L\000a\000g\000r\000a\000n\000g\000e\145\271\172\013\137\017}{section.2}% 7
\BOOKMARK [2][-]{subsection.2.3}{\376\377\000L\000a\000g\000r\000a\000n\000g\000i\000a\000n\060\156\153\143\122\107\140\047}{section.2}% 8
\BOOKMARK [2][-]{subsection.2.4}{\376\377\116\000\202\054\123\026\136\247\152\031\131\011\143\333\060\153\133\376\060\131\060\213\121\161\131\011\140\047}{section.2}% 9
\BOOKMARK [2][-]{subsection.2.5}{\376\377\000L\000a\000g\000r\000a\000n\000g\000i\000a\000n\060\156\116\015\133\232\140\047}{section.2}% 10
\BOOKMARK [1][-]{section.3}{\376\377\141\143\140\047\127\372\156\226\174\373\060\150\201\352\165\061\174\222\133\120}{}% 11
\BOOKMARK [2][-]{subsection.3.1}{\376\377\141\143\140\047\127\372\156\226\174\373\060\156\133\232\177\251\060\150\060\135\060\156\133\130\127\050}{section.3}% 12
\BOOKMARK [2][-]{subsection.3.2}{\376\377\141\143\140\047\060\156\154\325\122\107\060\150\060\135\060\156\134\016\121\372}{section.3}% 13
\BOOKMARK [2][-]{subsection.3.3}{\376\377\141\143\140\047\174\373\225\223\060\156\136\247\152\031\131\011\143\333\000\050\000G\000a\000l\000i\000l\000e\000i\060\326\060\374\060\271\060\310\000\051}{section.3}% 14
\BOOKMARK [2][-]{subsection.3.4}{\376\377\000G\000a\000l\000i\000l\000e\000i\060\156\166\370\133\376\140\047\123\237\164\006\000\050\175\114\232\023\122\107\000\051\060\150\201\352\165\061\174\222\133\120\060\156\000L\000a\000g\000r\000a\000n\000g\000i\000a\000n\060\156\134\016\121\372}{section.3}% 15
\BOOKMARK [1][-]{section.4}{\376\377\0002\174\222\133\120\166\370\116\222\117\134\165\050\174\373\060\156\000L\000a\000g\000r\000a\000n\000g\000i\000a\000n}{}% 16
\BOOKMARK [2][-]{subsection.4.1}{\376\377\000L\000a\000g\000r\000a\000n\000g\000i\000a\000n\060\156\122\240\154\325\140\047\000\050\116\356\133\232\000\051}{section.4}% 17
\BOOKMARK [2][-]{subsection.4.2}{\376\377\133\376\171\360\140\047\060\153\060\210\060\213\166\370\116\222\117\134\165\050\230\005\060\156\122\066\226\120}{section.4}% 18
\BOOKMARK [2][-]{subsection.4.3}{\376\377\141\143\140\047\214\352\221\317\060\156\133\232\177\251}{section.4}% 19
\BOOKMARK [2][-]{subsection.4.4}{\376\377\127\372\147\054\166\370\116\222\117\134\165\050\230\005\060\156\121\167\117\123\166\204\060\152\225\242\145\160\137\142}{section.4}% 20
\BOOKMARK [1][-]{section.5}{\376\377\133\144\172\313\174\373\060\147\060\152\060\104\000L\000a\000g\000r\000a\000n\000g\000i\000a\000n\000\050\000N\000e\000w\000t\000o\000n\060\156\220\113\122\325\145\271\172\013\137\017\134\016\121\372\000\051}{}% 21
\BOOKMARK [1][-]{section.6}{\376\377\162\171\153\212\166\370\133\376\140\047\164\006\212\326}{}% 22
\BOOKMARK [1][-]{appendix.A}{\376\377\116\000\202\054\060\156\000G\000a\000l\000i\000l\000e\000i\131\011\143\333\060\156\134\016\121\372}{}% 23
\BOOKMARK [1][-]{equation.17}{\376\377\123\302\200\003\145\207\163\056}{}% 24
